0 verbose cli /usr/bin/node /usr/bin/npm
1 info using npm@10.8.2
2 info using node@v20.20.2
3 silly config load:file:/usr/lib/node_modules/npm/npmrc
4 silly config load:file:/tmp/.npmrc
5 silly config load:file:/home/user/.npmrc
6 silly config load:file:/usr/etc/npmrc
7 verbose title npm pack vosk-browser
8 verbose argv "pack" "vosk-browser"
9 verbose logfile logs-max:10 dir:/home/user/.npm/_logs/2026-08-19T17_29_25_530Z-
10 verbose logfile /home/user/.npm/_logs/2026-08-19T17_29_25_530Z-debug-0.log
11 silly logfile done cleaning log files
12 http fetch GET 200 https://registry.npmjs.org/vosk-browser 149ms (cache miss)
13 http fetch GET 200 https://registry.npmjs.org/vosk-browser 5ms (cache hit)
14 silly tarball no local data for https://registry.npmjs.org/vosk-browser/-/vosk-browser-0.0.8.tgz. Extracting by manifest.
15 http fetch GET 200 https://registry.npmjs.org/npm 186ms
16 http fetch GET 200 https://registry.npmjs.org/vosk-browser/-/vosk-browser-0.0.8.tgz 112ms (cache miss)
17 notice
18 notice package: vosk-browser@0.0.8
19 notice Tarball Contents
20 notice 6.1kB README.md
20 notice 3.4kB dist/interfaces.d.ts
20 notice 1.9kB dist/model.d.ts
20 notice 336B dist/utils/logging.d.ts
20 notice 26B dist/vosk.d.ts
20 notice 5.8MB dist/vosk.js
20 notice 980B package.json
21 notice Tarball Details
22 notice name: vosk-browser
23 notice version: 0.0.8
24 notice filename: vosk-browser-0.0.8.tgz
25 notice package size: 2.4 MB
26 notice unpacked size: 5.8 MB
27 notice shasum: 03b32e0e6a4c2dc5e9062fc0146f0cf58f5f21ea
28 notice integrity: sha512-df9MuChirUGKx[...]gaYakS0FXZIJA==
29 notice total files: 7
30 notice
31 verbose cwd /tmp
32 verbose os Linux 6.1.158+
33 verbose node v20.20.2
34 verbose npm  v10.8.2
35 notice
35 notice New major version of npm available! 10.8.2 -> 12.0.2
35 notice Changelog: https://github.com/npm/cli/releases/tag/v12.0.2
35 notice To update run: npm install -g npm@12.0.2
35 notice  { force: true, [Symbol(proc-log.meta)]: true }
36 verbose exit 0
37 info ok
